// Jest Snapshot v1, https://goo.gl/fbAQLP

exports[`Categories renders categories 1`] = `
<ul>
  <Connect(Category)
    category={
      Object {
        "id": "1",
        "name": "a",
      }
    }
    id="1"
  />
  <Connect(Category)
    category={
      Object {
        "id": "2",
        "name": "b",
      }
    }
    id="2"
  />
  <Connect(Category)
    category={
      Object {
        "id": "3",
        "name": "c",
      }
    }
    id="3"
  />
</ul>
`;
